     1                                  
     2                                  bits 32 ;assembling for the 32 bits architecture
     3                                  ; the start label will be the entry point in the program
     4                                  global  start 
     5                                  
     6                                  extern  exit ; we inform the assembler that the exit symbol is foreign, i.e. it exists even if we won't be defining it
     7                                  
     8                                  import  exit msvcrt.dll; exit is a function that ends the process, it is defined in msvcrt.dll
     9                                          ; msvcrt.dll contains exit, printf and all the other important C-runtime functions
    10                                  segment  data use32 class=data ; the data segment where the variables are declared 
    11                                  	
    12                                      
    13                                  segment  code use32 class=code ;
    14                                  start: 
    15                                  
    16 00000000 B004                        mov AL, 4;
    17 00000002 B30C                        mov BL, 12;
    18 00000004 00D8                        add AL,Bl;
