     1                                  bits 32 ; assembling for the 32 bits architecture
     2                                  
     3                                  ; declare the EntryPoint (a label defining the very first instruction of the program)
     4                                  global start        
     5                                  
     6                                  ; declare external functions needed by our program
     7                                  extern exit, printf, fread, scanf, fopen, fclose               ; tell nasm that exit exists even if we won't be defining it
     8                                  import exit msvcrt.dll    ; exit is a function that ends the calling process. It is defined in msvcrt.dll
     9                                  import fread msvcrt.dll                          ; msvcrt.dll contains exit, printf and all the other important C-runtime specific functions
    10                                  import printf msvcrt.dll
    11                                  import scanf msvcrt.dll
    12                                  import fopen msvcrt.dll
    13                                  import fclose msvcrt.dll
    14                                  
    15                                  ; our data is declared here (the variables needed by our program)
    16                                  segment data use32 class=data
    17                                      ; ...
    18                                  
    19 00000000 00000000                    L dd 0
    20 00000004 00000000                    nr_cuvant dd 0
    21 00000008 00000000                    nr_cuvinte dd 0
    22 0000000C 257500                      format_number db "%u", 0
    23 0000000F 546865726520617265-         print_format db "There are %u words with ", 0
    23 00000018 20257520776F726473-
    23 00000021 20776974682000     
    24 00000028 746865206C656E6774-         print_format2 db "the length of %u .", 0
    24 00000031 68206F66202575202E-
    24 0000003A 00                 
    25 0000003B 637576696E74652E74-         file_name db "cuvinte.txt", 0
    25 00000044 787400             
    26 00000047 7200                        access_mode db "r", 0
    27 00000049 FFFFFFFF                    file_descrpitor dd -1
    28                                      
    29 0000004D 257300                      format_string db "%s", 0
    30 00000050 00<rept>                    cuvinte times 100 db 0
    31 000000B4 00<rept>                    cuvant times 50 db 0
    32                                      
    33                                  ; our code starts here
    34                                  segment code use32 class=code
    35                                      start:
    36                                          ; ...
    37                                      
    38 00000000 68[47000000]                    push access_mode
    39 00000005 68[3B000000]                    push file_name
    40 0000000A FF15[00000000]                  call [fopen]
    41 00000010 83C408                          add esp, 4*2
    42                                          
    43 00000013 83F800                          cmp eax, 0
    44 00000016 0F84B0000000                    je file_not_open
    45 0000001C A3[49000000]                    mov [file_descrpitor], eax
    46                                          
    47 00000021 FF35[49000000]                  push dword [file_descrpitor]
    48 00000027 6A64                            push 100
    49 00000029 6A01                            push 1
    50 0000002B 68[50000000]                    push cuvinte
    51 00000030 FF15[00000000]                  call [fread]
    52 00000036 83C410                          add esp, 4*4
    53                                          
    54 00000039 68[00000000]                    push dword L
    55 0000003E 68[0C000000]                    push dword format_number
    56 00000043 FF15[00000000]                  call [scanf]
    57 00000049 83C408                          add esp, 4*2
    58                                          
    59                                          
    60 0000004C BE[50000000]                    mov esi, cuvinte
    61                                          ;mov edi, cuvant
    62 00000051 FC                              cld
    63                                          parse:
    64 00000052 AC                                  lodsb
    65                                              ;inc [nr_cuvnt]
    66 00000053 3C00                                cmp al, 0
    67 00000055 742B                                je stop
    68 00000057 3C20                                cmp al, ' '
    69 00000059 7408                                je new_word
    70 0000005B FF05[04000000]                      inc dword [nr_cuvant]
    71 00000061 EB1D                                jmp next
    72                                              
    73                                              new_word:
    74 00000063 A1[00000000]                            mov eax, dword [L]
    75 00000068 3B05[04000000]                          cmp eax, dword [nr_cuvant]
    76 0000006E 7506                                    jne not_equal
    77 00000070 FF05[08000000]                              inc dword [nr_cuvinte]
    78                                              not_equal:
    79 00000076 C705[04000000]0000-                 mov dword [nr_cuvant], 0
    79 0000007E 0000               
    80                                              
    81                                              next:
    82                                          
    83 00000080 EBD0                            jmp parse
    84                                          
    85                                          stop:
    86                                          
    87 00000082 A1[00000000]                    mov eax, dword [L]
    88 00000087 3B05[04000000]                  cmp eax, dword [nr_cuvant]
    89 0000008D 7506                                jne not_equal2
    90 0000008F FF05[08000000]                          inc dword [nr_cuvinte]
    91                                          not_equal2:
    92                                          
    93 00000095 FF35[08000000]                  push dword [nr_cuvinte]
    94 0000009B 68[0F000000]                    push dword print_format
    95 000000A0 FF15[00000000]                  call [printf]
    96 000000A6 83C408                          add esp, 4*2
    97                                          
    98 000000A9 FF35[00000000]                  push dword [L]
    99 000000AF 68[28000000]                    push dword print_format2
   100 000000B4 FF15[00000000]                  call [printf]
   101 000000BA 83C408                          add esp, 4*2
   102                                          
   103 000000BD FF35[49000000]                  push dword [file_descrpitor]
   104 000000C3 FF15[00000000]                  call [fclose]
   105 000000C9 83C404                          add esp, 4
   106                                          
   107                                          
   108                                          file_not_open:
   109                                      
   110                                      
   111                                          ; exit(0)
   112 000000CC 6A00                            push    dword 0      ; push the parameter for exit onto the stack
   113 000000CE FF15[00000000]                  call    [exit]       ; call exit to terminate the program
